[ecocash.co.zw/kashagi-loans/index.html]
[backblue.gif]
[fade.gif]
[index.html]
[ecocash.co.zw/wp-content/themes/ecocash/assets/css/blocks4d80.css]
[ecocash.co.zw/wp-content/plugins/contact-form-7/includes/css/styles9b2d.css]
[ecocash.co.zw/wp-content/plugins/codevz-plus/admin/fields/codevz_fields/icons/czicons8d9d.css]
[ecocash.co.zw/wp-content/plugins/ecocash-agents/assets/css/ecocash-locatorf488.css]
[unpkg.com/leaflet@1.9.4/dist/leafletde48.css]
[ecocash.co.zw/wp-content/plugins/revslider/public/css/sr7e00b.css]
[ecocash.co.zw/wp-content/plugins/tariff calc final/assets/css/styled5f7.css]
[ecocash.co.zw/wp-content/themes/ecocash/assets/css/core-laptop8d9d.css]
[ecocash.co.zw/wp-content/themes/ecocash/assets/css/core-tablet8d9d.css]
[ecocash.co.zw/wp-content/themes/ecocash/assets/css/core-mobile8d9d.css]
[ecocash.co.zw/wp-content/themes/ecocash/assets/css/core8d9d.css]
[ecocash.co.zw/wp-content/plugins/quadmenu/assets/frontend/pscrollbar/perfect-scrollbar.mine1e3.css]
[ecocash.co.zw/wp-content/plugins/quadmenu/assets/frontend/owlcarousel/owl.carousel.mine1e3.css]
[ecocash.co.zw/wp-content/plugins/quadmenu/assets/frontend/css/quadmenu-normalizee1e3.css]
[ecocash.co.zw/wp-content/uploads/ecocash-child/quadmenu-widgets555b.css]
[ecocash.co.zw/wp-content/plugins/quadmenu/build/frontend/stylee1e3.css]
[ecocash.co.zw/wp-content/plugins/codevz-plus/assets/css/codevzplus-tablet8d9d.css]
[ecocash.co.zw/wp-content/plugins/codevz-plus/assets/css/codevzplus8d9d.css]
[ecocash.co.zw/wp-content/uploads/ecocash-child/quadmenu-locationsbfe4.css]
[ecocash.co.zw/wp-includes/css/dashicons.min4d80.css]
[ecocash.co.zw/wp-content/plugins/codevz-plus/assets/css/codevzplus-mobile8d9d.css]
[ecocash.co.zw/wp-content/plugins/chaty/css/chaty-front.mina025.css]
[ecocash.co.zw/wp-content/plugins/codevz-plus/admin/assets/css/font-awesome/css/v4-shims.min1e39.css]
[ecocash.co.zw/wp-content/plugins/codevz-plus/assets/css/elementor8d9d.css]
[ecocash.co.zw/wp-content/plugins/codevz-plus/admin/assets/css/font-awesome/css/all.min1e39.css]
[ecocash.co.zw/wp-content/plugins/js_composer/assets/css/js_composer.min0dd0.css]
[ecocash.co.zw/wp-includes/js/jquery/jquery-migrate.min5589.js]
[ecocash.co.zw/wp-content/uploads/2025/08/cropped-ecocash_favicon_-32x32.png]
[ecocash.co.zw/wp-includes/js/jquery/jquery.minf43b.js]
[ecocash.co.zw/wp-content/uploads/2025/08/cropped-ecocash_favicon_-192x192.png]
[ecocash.co.zw/wp-content/uploads/2025/08/cropped-ecocash_favicon_-180x180.png]
[ecocash.co.zw/kashagi-loans/revslider/revslider.php]
[ecocash.co.zw/wp-content/uploads/2025/07/small-loande7a.jpg]
[ecocash.co.zw/wp-content/plugins/revslider/public/js/sr7e00b.js]
[ecocash.co.zw/wp-content/plugins/revslider/public/js/libs/tptoolse00b.js]
[ecocash.co.zw/wp-content/plugins/codevz-plus/wpbakery/assets/css/title8d9d.css]
[ecocash.co.zw/wp-content/plugins/codevz-plus/wpbakery/assets/css/stylish_list8d9d.css]
[ecocash.co.zw/wp-content/plugins/codevz-plus/wpbakery/assets/css/tabs8d9d.css]
[ecocash.co.zw/wp-content/uploads/2025/08/get-a-loan.jpg]
[ecocash.co.zw/wp-content/uploads/2025/07/EcoCash-Apple-Image-.png]
[ecocash.co.zw/wp-content/uploads/2025/07/EcoCash-Playstore-Image-.png]
[ecocash.co.zw/wp-content/uploads/2026/01/QR.jpg]
[ecocash.co.zw/wp-content/uploads/2025/07/EcoCash-App-Image.png]
[ecocash.co.zw/wp-content/uploads/2025/07/EcoCash_logo.png]
[ecocash.co.zw/wp-includes/js/dist/hooks.minaf5f.js]
[ecocash.co.zw/wp-includes/js/dist/i18n.min1cde.js]
[ecocash.co.zw/wp-content/plugins/contact-form-7/includes/swv/js/index9b2d.js]
[ecocash.co.zw/wp-content/plugins/contact-form-7/includes/js/index9b2d.js]
[ecocash.co.zw/wp-content/plugins/tariff calc final/assets/js/scriptd5f7.js]
[ecocash.co.zw/wp-content/plugins/ecocash-agents/assets/js/ecocash-locatorf488.js]
[ecocash.co.zw/wp-content/themes/ecocash/assets/js/codevz-menu.min8d9d.js]
[ecocash.co.zw/wp-content/themes/ecocash/assets/js/custom8d9d.js]
[ecocash.co.zw/wp-content/plugins/quadmenu/assets/frontend/pscrollbar/perfect-scrollbar.jquery.mine1e3.js]
[unpkg.com/leaflet@1.9.4/dist/leafletde48.js]
[ecocash.co.zw/wp-content/plugins/quadmenu/assets/frontend/owlcarousel/owl.carousel.mine1e3.js]
[ecocash.co.zw/wp-includes/js/hoverIntent.min3e5a.js]
[ecocash.co.zw/wp-content/plugins/codevz-plus/assets/js/codevzplus8d9d.js]
[ecocash.co.zw/wp-content/plugins/quadmenu/build/frontend/indexf17f.js]
[ecocash.co.zw/wp-content/plugins/google-site-kit/dist/assets/js/googlesitekit-events-provider-contact-form-7-84e9a1056bc4922b7cbd.js]
[ecocash.co.zw/wp-content/plugins/popup-maker/assets/js/site.min6ace.js]
[ecocash.co.zw/wp-content/plugins/chaty/js/cht-front-script.mina025.js]
[ecocash.co.zw/wp-content/plugins/google-site-kit/dist/assets/js/googlesitekit-events-provider-popup-maker-38c8b97d166ddb055277.js]
[ecocash.co.zw/wp-includes/js/jquery/ui/core.minb37e.js]
[ecocash.co.zw/wp-content/plugins/js_composer/assets/js/dist/js_composer_front.min0dd0.js]
[ecocash.co.zw/wp-content/plugins/codevz-plus/wpbakery/assets/js/title8d9d.js]
[ecocash.co.zw/wp-content/themes/ecocash/assets/js/search4d80.js]
[ecocash.co.zw/wp-content/plugins/codevz-plus/wpbakery/assets/js/image8d9d.js]
[ecocash.co.zw/wp-content/plugins/codevz-plus/wpbakery/assets/js/tabs8d9d.js]
[ecocash.co.zw/kashagi-loans/index.html]
[ecocash.co.zw/wp-content/themes/ecocash/assets/css/blocks4d80.css]
[ecocash.co.zw/cdn-cgi/challenge-platform/h/b/scripts/jsd/d251aa49a8a3/maind41d.js]
[ecocash.co.zw/wp-content/plugins/codevz-plus/admin/fields/codevz_fields/icons/czicons.woff2]
[ecocash.co.zw/wp-content/plugins/codevz-plus/admin/fields/codevz_fields/icons/czicons.woff]
[ecocash.co.zw/wp-content/plugins/codevz-plus/admin/fields/codevz_fields/icons/czicons.eot]
[ecocash.co.zw/wp-content/plugins/codevz-plus/admin/fields/codevz_fields/icons/czicons8d9d.css]
[ecocash.co.zw/wp-content/plugins/contact-form-7/includes/css/styles9b2d.css]
[unpkg.com/leaflet@1.9.4/dist/images/layers.png]
[ecocash.co.zw/wp-content/plugins/codevz-plus/admin/fields/codevz_fields/icons/czicons.svg]
[ecocash.co.zw/wp-content/plugins/codevz-plus/admin/fields/codevz_fields/icons/czicons.ttf]
[unpkg.com/leaflet@1.9.4/dist/images/layers-2x.png]
[unpkg.com/leaflet@1.9.4/dist/images/marker-icon.png]
[unpkg.com/leaflet@1.9.4/dist/leafletde48.css]
[ecocash.co.zw/wp-content/plugins/ecocash-agents/assets/css/ecocash-locatorf488.css]
[ecocash.co.zw/wp-content/plugins/revslider/public/css/sr7e00b.css]
[ecocash.co.zw/wp-content/plugins/tariff calc final/assets/css/styled5f7.css]
[ecocash.co.zw/wp-content/themes/ecocash/assets/css/core8d9d.css]
[ecocash.co.zw/wp-content/themes/ecocash/assets/css/core-laptop8d9d.css]
[ecocash.co.zw/wp-content/themes/ecocash/assets/css/core-tablet8d9d.css]
[ecocash.co.zw/wp-content/themes/ecocash/assets/css/core-mobile8d9d.css]
[ecocash.co.zw/wp-content/plugins/quadmenu/assets/frontend/pscrollbar/perfect-scrollbar.mine1e3.css]
[ecocash.co.zw/wp-content/plugins/quadmenu/assets/frontend/owlcarousel/owl.video.play.png]
[ecocash.co.zw/wp-content/plugins/quadmenu/assets/frontend/owlcarousel/owl.carousel.mine1e3.css]
[ecocash.co.zw/wp-content/plugins/quadmenu/assets/frontend/css/quadmenu-normalizee1e3.css]
[ecocash.co.zw/wp-content/uploads/ecocash-child/quadmenu-widgets555b.css]
[ecocash.co.zw/wp-content/plugins/quadmenu/build/frontend/stylee1e3.css]
[ecocash.co.zw/wp-content/uploads/ecocash-child/quadmenu-locationsbfe4.css]
[ecocash.co.zw/wp-includes/css/dashicons.min4d80.css]
[ecocash.co.zw/wp-content/plugins/codevz-plus/assets/css/codevzplus8d9d.css]
[ecocash.co.zw/wp-content/plugins/codevz-plus/assets/css/codevzplus-tablet8d9d.css]
[ecocash.co.zw/wp-content/plugins/codevz-plus/assets/css/codevzplus-mobile8d9d.css]
[ecocash.co.zw/wp-content/plugins/chaty/images/whatsapp.png]
[ecocash.co.zw/wp-content/plugins/chaty/images/whatsapp-welcome-popup.png]
[ecocash.co.zw/wp-content/plugins/chaty/images/header-top.png]
[ecocash.co.zw/wp-content/plugins/chaty/images/header-bottom.png]
[ecocash.co.zw/wp-content/plugins/chaty/css/chaty-front.mina025.css]
[ecocash.co.zw/wp-content/plugins/js_composer/assets/vc/alert.png]
[ecocash.co.zw/wp-content/plugins/js_composer/assets/vc/info.png]
[ecocash.co.zw/wp-content/plugins/js_composer/assets/vc/tick.png]
[ecocash.co.zw/wp-content/plugins/js_composer/assets/vc/exclamation.png]
[ecocash.co.zw/wp-content/plugins/js_composer/assets/images/icons/address-book.png]
[ecocash.co.zw/wp-content/plugins/js_composer/assets/images/icons/alarm-clock.png]
[ecocash.co.zw/wp-content/plugins/js_composer/assets/images/icons/anchor.png]
[ecocash.co.zw/wp-content/plugins/js_composer/assets/images/icons/application-image.png]
[ecocash.co.zw/wp-content/plugins/js_composer/assets/images/icons/arrow.png]
[ecocash.co.zw/wp-content/plugins/js_composer/assets/images/icons/asterisk.png]
[ecocash.co.zw/wp-content/plugins/js_composer/assets/images/icons/auction-hammer.png]
[ecocash.co.zw/wp-content/plugins/js_composer/assets/images/icons/balloon.png]
[ecocash.co.zw/wp-content/plugins/js_composer/assets/images/icons/balloon-buzz.png]
[ecocash.co.zw/wp-content/plugins/js_composer/assets/images/icons/balloon-facebook.png]
[ecocash.co.zw/wp-content/plugins/js_composer/assets/images/icons/balloon-twitter.png]
[ecocash.co.zw/wp-content/plugins/js_composer/assets/images/icons/battery-full.png]
[ecocash.co.zw/wp-content/plugins/js_composer/assets/images/icons/binocular.png]
[ecocash.co.zw/wp-content/plugins/js_composer/assets/images/icons/blue-document-excel.png]
[ecocash.co.zw/wp-content/plugins/js_composer/assets/images/icons/blue-document-image.png]
[ecocash.co.zw/wp-content/plugins/js_composer/assets/images/icons/blue-document-music.png]
[ecocash.co.zw/wp-content/plugins/js_composer/assets/images/icons/blue-document-office.png]
[ecocash.co.zw/wp-content/plugins/js_composer/assets/images/icons/blue-document-pdf.png]
[ecocash.co.zw/wp-content/plugins/js_composer/assets/images/icons/blue-document-powerpoint.png]
[ecocash.co.zw/wp-content/plugins/js_composer/assets/images/icons/blue-document-word.png]
[ecocash.co.zw/wp-content/plugins/js_composer/assets/images/icons/bookmark.png]
[ecocash.co.zw/wp-content/plugins/js_composer/assets/images/icons/camcorder.png]
[ecocash.co.zw/wp-content/plugins/js_composer/assets/images/icons/camera.png]
[ecocash.co.zw/wp-content/plugins/js_composer/assets/images/icons/chart.png]
[ecocash.co.zw/wp-content/plugins/js_composer/assets/images/icons/chart-pie.png]
[ecocash.co.zw/wp-content/plugins/js_composer/assets/images/icons/clock.png]
[ecocash.co.zw/wp-content/plugins/js_composer/assets/images/icons/control.png]
[ecocash.co.zw/wp-content/plugins/js_composer/assets/images/icons/fire.png]
[ecocash.co.zw/wp-content/plugins/js_composer/assets/images/icons/heart.png]
[ecocash.co.zw/wp-content/plugins/js_composer/assets/images/icons/mail.png]
[ecocash.co.zw/wp-content/plugins/js_composer/assets/images/icons/plus-shield.png]
[ecocash.co.zw/wp-content/plugins/js_composer/assets/images/icons/video.png]
[ecocash.co.zw/wp-content/plugins/js_composer/assets/images/toggle_open.png]
[ecocash.co.zw/wp-content/plugins/js_composer/assets/images/toggle_close.png]
[ecocash.co.zw/wp-content/plugins/js_composer/assets/images/flickr.png]
[ecocash.co.zw/wp-content/plugins/js_composer/assets/images/spinner.gif]
[ecocash.co.zw/wp-content/plugins/js_composer/assets/vc/remove.png]
[ecocash.co.zw/wp-content/plugins/js_composer/assets/css/js_composer.min0dd0.css]
[ecocash.co.zw/wp-content/plugins/codevz-plus/assets/css/elementor8d9d.css]
[ecocash.co.zw/wp-content/plugins/codevz-plus/admin/assets/css/font-awesome/css/v4-shims.min1e39.css]
[ecocash.co.zw/wp-content/plugins/codevz-plus/admin/assets/css/font-awesome/css/all.min1e39.css]
[ecocash.co.zw/kashagi-loans/revslider/revslider.html]
[ecocash.co.zw/wp-content/plugins/codevz-plus/wpbakery/assets/css/title8d9d.css]
[ecocash.co.zw/wp-content/plugins/codevz-plus/wpbakery/assets/css/stylish_list8d9d.css]
[ecocash.co.zw/wp-content/plugins/codevz-plus/wpbakery/assets/css/tabs8d9d.css]
[ecocash.co.zw/wp-content/plugins/codevz-plus/admin/fields/codevz_fields/icons/czicons.svg]
[ecocash.co.zw/wp-content/plugins/quadmenu/assets/frontend/owlcarousel/owl.video.play.html]
